08-22 10:45:05.635 18679 18679 I om.example.maze: Using CollectorTypeCMC GC.
08-22 10:45:05.639 18679 18679 W om.example.maze: Unexpected CPU variant for x86: x86_64.
08-22 10:45:05.639 18679 18679 W om.example.maze: Known variants: atom, sandybridge, silvermont, goldmont, goldmont-plus, goldmont-without-sha-xsaves, tremont, kabylake, alderlake, default
08-22 10:45:05.814 12671 12940 E Finsky  : [59] ItemStore: getItems RPC failed for item com.example.maze
08-22 10:45:05.820 11447 12616 D CoreBackPreview: Window{889f793 u0 Splash Screen com.example.maze}: Setting back callback OnBackInvokedCallbackInfo{mCallback=android.window.IOnBackInvokedCallback$Stub$Proxy@89eecfc, mPriority=0, mIsAnimationCallback=false, mOverrideBehavior=0}
08-22 10:45:05.825 12671 12953 E Finsky  : [62] ItemStore: getItems RPC failed for item com.example.maze
08-22 10:45:06.000 11447 11467 V WindowManager: Sent Transition (#24) createdAt=08-22 10:45:05.415 via request=TransitionRequestInfo { type = OPEN, triggerTask = TaskInfo{userId=0 taskId=28 effectiveUid=10217 displayId=0 isRunning=true baseIntent=Intent { flg=0x10000000 cmp=com.example.maze/.MainActivity } baseActivity=ComponentInfo{com.example.maze/com.example.maze.MainActivity} topActivity=ComponentInfo{com.example.maze/com.example.maze.MainActivity} origActivity=null realActivity=ComponentInfo{com.example.maze/com.example.maze.MainActivity} numActivities=1 lastActiveTime=260663443 supportsMultiWindow=true resizeMode=1 isResizeable=true minWidth=-1 minHeight=-1 defaultMinSize=220 token=WCT{RemoteToken{395df94 Task{7e1f90f #28 type=standard A=10217:com.example.maze}}} topActivityType=1 pictureInPictureParams=null shouldDockBigOverlays=false launchIntoPipHostTaskId=-1 lastParentTaskIdBeforePip=-1 displayCutoutSafeInsets=Rect(0, 0 - 0, 0) topActivityInfo=ActivityInfo{1677a3d com.example.maze.MainActivity} launchCookies=[] positionInParent=Point(0, 0) parentTaskId=-1 isFocused=false isVisible=false isVisibleRequested=false isTopActivityNoDisplay=false isSleeping=false locusId=null displayAreaFeatureId=1 isTopActivityTransparent=false isActivityStackTransparent=false lastNonFullscreenBounds=Rect(284, 660 - 796, 1740) capturedLink=null capturedLinkTimestamp=0 requestedVisibleTypes=-9 topActivityRequestOpenInBrowserEducationTimestamp=0 appCompatTaskInfo=AppCompatTaskInfo { topActivityInSizeCompat=false eligibleForLetterboxEducation= false isLetterboxEducationEnabled= true isLetterboxDoubleTapEnabled= false eligibleForUserAspectRatioButton= false topActivityBoundsLetterboxed= false isFromLetterboxDoubleTap= false topActivityLetterboxVerticalPosition= -1 topActivityLetterboxHorizontalPosition= -1 topActivityLetterboxWidth=-1 topActivityLetterboxHeight=-1 topActivityAppBounds=Rect(0, 0 - 1080, 2337) isUserFullscreenOverrideEnabled=false isSystemFullscreenOverrideEnabled=false hasMinAspectRatioOverride=false topActivityLetterboxBounds=null cameraCompatTaskInfo=CameraCompatTaskInfo { freeformCameraCompatMode=inactive}} topActivityMainWindowFrame=null}, pipChange = null, remoteTransition = null, displayChange = null, flags = 0, debugId = 24 }
08-22 10:45:06.000 11447 11467 V WindowManager:         {WCT{RemoteToken{395df94 Task{7e1f90f #28 type=standard A=10217:com.example.maze}}} m=OPEN f=NONE leash=Surface(name=Task=28)/@0x3cd41a6 sb=Rect(0, 0 - 1080, 2400) eb=Rect(0, 0 - 1080, 2400) epz=Point(1080, 2400) d=0 taskParent=-1},
08-22 10:45:06.306 18679 18679 D nativeloader: Configuring clns-9 for other apk /data/app/~~IJ11XiNk-gab3JIzFQRHSg==/com.example.maze-VrgafxiHwNIr61Triz8wmg==/base.apk. target_sdk_version=34, uses_libraries=, library_path=/data/app/~~IJ11XiNk-gab3JIzFQRHSg==/com.example.maze-VrgafxiHwNIr61Triz8wmg==/lib/x86_64, permitted_path=/data:/mnt/expand:/data/user/0/com.example.maze
08-22 10:45:06.331 18679 18679 I om.example.maze: AssetManager2(0x7e6913673b38) locale list changing from [] to [en-US]
08-22 10:45:06.355 18679 18679 V GraphicsEnvironment: com.example.maze is not listed in per-application setting
08-22 10:45:06.356 18679 18679 V GraphicsEnvironment: com.example.maze is not listed in ANGLE allowlist or settings, returning default
08-22 10:45:06.422 18679 18679 I om.example.maze: AssetManager2(0x7e6913672878) locale list changing from [] to [en-US]
08-22 10:45:06.470 18679 18679 I om.example.maze: AssetManager2(0x7e691366f358) locale list changing from [] to [en-US]
08-22 10:45:06.613 18679 18679 I om.example.maze: hiddenapi: Accessing hidden method Landroid/view/View;->computeFitSystemWindows(Landroid/graphics/Rect;Landroid/graphics/Rect;)Z (runtime_flags=0, domain=platform, api=unsupported) from Landroidx/appcompat/widget/ViewUtils; (domain=app) using reflection: allowed
08-22 10:45:06.613 18679 18679 I om.example.maze: hiddenapi: Accessing hidden method Landroid/view/ViewGroup;->makeOptionalFitsSystemWindows()V (runtime_flags=0, domain=platform, api=unsupported) from Landroidx/appcompat/widget/ViewUtils; (domain=app) using reflection: allowed
08-22 10:45:06.628 18679 18679 I om.example.maze: AssetManager2(0x7e69136718d8) locale list changing from [] to [en-US]
08-22 10:45:06.631 18679 18679 I om.example.maze: AssetManager2(0x7e691367caf8) locale list changing from [] to [en-US]
08-22 10:45:06.633 18679 18679 I om.example.maze: AssetManager2(0x7e691367e718) locale list changing from [] to [en-US]
08-22 10:45:06.638 18679 18679 I om.example.maze: AssetManager2(0x7e6913678318) locale list changing from [] to [en-US]
08-22 10:45:06.640 18679 18679 I om.example.maze: AssetManager2(0x7e6913677ff8) locale list changing from [] to [en-US]
08-22 10:45:06.645 18679 18679 W om.example.maze: Failed to find entry 'classes.dex': Entry not found
08-22 10:45:06.687 18679 18679 W om.example.maze: Loading /data/app/~~1-9pAkZiUsTij4E-Y7YhYQ==/com.google.android.webview-JIBZ92Lkx_AdkCXMllvMdw==/oat/x86_64/base.odex non-executable as it requires an image which we failed to load
08-22 10:45:06.763 18679 18679 I om.example.maze: AssetManager2(0x7e6913677378) locale list changing from [] to [en-US]
08-22 10:45:06.849 18679 18679 I om.example.maze: AssetManager2(0x7e691367d458) locale list changing from [] to [en-US]
08-22 10:45:06.854 18679 18679 I om.example.maze: AssetManager2(0x7e6913678c78) locale list changing from [] to [en-US]
08-22 10:45:06.878 11447 11483 I ActivityManager: Start proc 18728:com.google.android.webview:sandboxed_process0:org.chromium.content.app.SandboxedProcessService0:0/u0i7 for  {com.example.maze/org.chromium.content.app.SandboxedProcessService0:0}
08-22 10:45:07.117 18679 18679 D Capacitor: Starting BridgeActivity
08-22 10:45:07.134 18679 18679 D Capacitor: Registering plugin instance: CapacitorCookies
08-22 10:45:07.138 18679 18679 D Capacitor: Registering plugin instance: WebView
08-22 10:45:07.140 18679 18679 D Capacitor: Registering plugin instance: CapacitorHttp
08-22 10:45:07.142 18679 18679 D Capacitor: Registering plugin instance: Share
08-22 10:45:07.154 18679 18679 W Capacitor: Unable to read file at path public/plugins
08-22 10:45:07.158 18679 18679 D Capacitor: Loading app at https://localhost
08-22 10:45:07.200 18679 18752 D Capacitor: Handling local request: https://localhost/
08-22 10:45:07.212 18679 18679 D Capacitor: App started
08-22 10:45:07.214 18679 18679 D Capacitor: App resumed
08-22 10:45:07.390 11447 11518 D CoreBackPreview: Window{ff38726 u0 com.example.maze/com.example.maze.MainActivity}: Setting back callback OnBackInvokedCallbackInfo{mCallback=android.window.IOnBackInvokedCallback$Stub$Proxy@8c2c775, mPriority=0, mIsAnimationCallback=false, mOverrideBehavior=0}
08-22 10:45:07.486 18679 18753 D Capacitor: Handling local request: https://localhost/assets/index-B5CmwJ5q.js
08-22 10:45:07.495 18679 18754 D Capacitor: Handling local request: https://localhost/assets/phaser-0RJB29YE.js
08-22 10:45:07.618 18679 18686 I om.example.maze: Compiler allocated 5042KB to compile void android.view.ViewRootImpl.performTraversals()
08-22 10:45:07.718 11447 11467 I ActivityTaskManager: Displayed com.example.maze/.MainActivity for user 0: +2s349ms
08-22 10:45:07.827 11447 11558 I ImeTracker: com.example.maze:3c0a6d4e: onRequestHide at ORIGIN_SERVER reason HIDE_UNSPECIFIED_WINDOW fromUser false
08-22 10:45:07.831 18679 18679 I ImeTracker: com.example.maze:3c0a6d4e: onCancelled at PHASE_CLIENT_ALREADY_HIDDEN
08-22 10:45:08.058 12167 12167 I GoogleInputMethodService: GoogleInputMethodService.onStartInput():1293 onStartInput(EditorInfo{EditorInfo{packageName=com.example.maze, inputType=0, inputTypeString=NULL, enableLearning=false, autoCorrection=false, autoComplete=false, imeOptions=12000000, privateImeOptions=null, actionName=UNSPECIFIED, actionLabel=null, initialSelStart=-1, initialSelEnd=-1, initialCapsMode=0, label=null, fieldId=0, fieldName=null, extras=null, hintText=null, hintLocales=[]}}, false)
08-22 10:45:08.106 11447 12616 W PackageConfigPersister: App-specific configuration not found for packageName: com.example.maze and userId: 0
08-22 10:45:08.158 11447 12616 D CoreBackPreview: Window{889f793 u0 Splash Screen com.example.maze EXITING}: Setting back callback null
08-22 10:45:08.611 18679 18679 I Capacitor/Console: File: https://localhost/assets/index-B5CmwJ5q.js - Line 2068 - Msg: 🐛 [10:45:08 AM] INFO | Debug | Initializing debug system
08-22 10:45:08.611 18679 18679 I Capacitor/Console: File: https://localhost/assets/index-B5CmwJ5q.js - Line 2068 - Msg: 🐛 [10:45:08 AM] INFO | TouchDebugger | Touch debugging activated
08-22 10:45:08.623 18679 18679 I Capacitor/Console: File: https://localhost/assets/index-B5CmwJ5q.js - Line 2068 - Msg: 🐛 [10:45:08 AM] INFO | App | Application starting | Data: {"userAgent":"Mozilla/5.0 (Linux; Android 16; sdk_gphone64_x86_64 Build/BE2A.250530.026.D1; wv) AppleWebKit/537.36 (KHTML, like Gecko) Version/4.0 Chrome/139.0.7258.94 Mobile Safari/537.36","platform":"Linux x86_64","language":"en-US","screenSize":{"width":412,"height":915,"availWidth":412,"availHeight":915},"windowSize":{"width":411,"height":866},"devicePixelRatio":2.625,"timestamp":"2025-08-22T13:45:08.621Z"}
08-22 10:45:08.623 18679 18679 I Capacitor/Console: File: https://localhost/assets/index-B5CmwJ5q.js - Line 2068 - Msg: 🐛 [10:45:08 AM] INFO | Capacitor | Capacitor detected | Data: {"platform":"android","isNativePlatform":true,"plugins":["CapacitorCookies","WebView","Share","CapacitorHttp"]}
08-22 10:45:08.623 18679 18679 I Capacitor/Console: File: https://localhost/assets/index-B5CmwJ5q.js - Line 2068 - Msg: 🐛 [10:45:08 AM] INFO | Phaser | Phaser detected | Data: {"version":"3.90.0"}
08-22 10:45:08.623 18679 18679 I Capacitor/Console: File: https://localhost/assets/index-B5CmwJ5q.js - Line 2068 - Msg: 🐛 [10:45:08 AM] INFO | Debug | Debug system initialized successfully | Data: {"touchDebugging":true,"globalCommands":["showDebug","hideDebug","toggleDebug","clearDebug","exportLogs","enableTouchDebug","disableTouchDebug","logTest"]}
08-22 10:45:08.682 18679 18759 D om.example.maze: PlayerBase::PlayerBase()
08-22 10:45:08.721 11447 12692 E AppOps  : attributionTag  not declared in manifest of com.example.maze
08-22 10:45:08.721 11447 11664 E AppOps  : attributionTag  not declared in manifest of com.example.maze
08-22 10:45:08.724 18679 18679 I Capacitor/Console: File: https://localhost/assets/phaser-0RJB29YE.js - Line 462 - Msg: %c %c %c %c %c Phaser v3.90.0 (WebGL | Web Audio) %c https://phaser.io/v390 background: #ff0000 background: #ffff00 background: #00ff00 background: #00ffff color: #ffffff; background: #000000 background: transparent
08-22 10:45:09.324 18679 18679 I Capacitor/Console: File: https://localhost/assets/index-B5CmwJ5q.js - Line 2068 - Msg: 🐛 [10:45:09 AM] INFO | App | Page fully loaded
08-22 10:45:09.364 18679 18679 I Capacitor/Console: File: https://localhost/assets/index-B5CmwJ5q.js - Line 2068 - Msg: 🐛 [10:45:09 AM] SCENE | LevelSelect | Scene created - initializing level selection | Data: {"sceneKey":"LevelSelect","scaleWidth":360,"scaleHeight":640}
08-22 10:45:09.374 18679 18679 I Capacitor/Console: File: https://localhost/assets/index-B5CmwJ5q.js - Line 2119 - Msg: 🔍 Loading available levels...
08-22 10:45:09.378 18679 18753 D Capacitor: Handling local request: https://localhost/assets/level-001-tutorial-sGR1CIEv.js
08-22 10:45:09.378 18679 18754 D Capacitor: Handling local request: https://localhost/favicon.ico
08-22 10:45:09.392 18679 18812 D Capacitor: Handling local request: https://localhost/assets/level-002-simple-path-DvcO82a_.js
08-22 10:45:09.397 18679 18754 D Capacitor: Handling local request: https://localhost/assets/level-003-branching-paths-CFtalBFM.js
08-22 10:45:09.403 18679 18753 D Capacitor: Handling local request: https://localhost/assets/level-004-time-pressure-CtakREVA.js
08-22 10:45:10.065 18679 18754 D Capacitor: Handling local request: https://localhost/assets/level-005-puzzle-chamber-Ddt5qlnL.js
08-22 10:45:10.089 18679 18754 D Capacitor: Handling local request: https://localhost/assets/level-006-maze-runner-BBgG5vUY.js
08-22 10:45:10.120 18679 18754 D Capacitor: Handling local request: https://localhost/assets/level-007-symmetry-challenge-B2tVyWaX.js
08-22 10:45:10.143 18679 18754 D Capacitor: Handling local request: https://localhost/assets/level-008-trap-maze-DhA8KXtE.js
08-22 10:45:10.172 18679 18752 D Capacitor: Handling local request: https://localhost/assets/level-009-speed-demon-Dbwz1Bda.js
08-22 10:45:10.198 18679 18754 D Capacitor: Handling local request: https://localhost/assets/level-010-master-challenge-D4U1f3MU.js
08-22 10:45:10.243 18679 18679 I Capacitor/Console: File: https://localhost/assets/index-B5CmwJ5q.js - Line 2119 - Msg: ✅ Found 10 levels: level-001-tutorial,level-002-simple-path,level-003-branching-paths,level-004-time-pressure,level-005-puzzle-chamber,level-006-maze-runner,level-007-symmetry-challenge,level-008-trap-maze,level-009-speed-demon,level-010-master-challenge
08-22 10:45:10.243 18679 18679 I Capacitor/Console: File: https://localhost/assets/index-B5CmwJ5q.js - Line 2119 - Msg: ✅ Level metadata preloaded
08-22 10:45:10.275 18679 18679 I Capacitor/Console: File: https://localhost/assets/index-B5CmwJ5q.js - Line 2068 - Msg: 🐛 [10:45:10 AM] SCENE | LevelSelect | Scene fully loaded | Data: {"availableLevels":10,"currentPage":0}
08-22 10:45:11.644 18679 18820 D ProfileInstaller: Installing profile for com.example.maze
08-22 10:45:16.963 18679 18687 I om.example.maze: Background concurrent mark compact GC freed 5773KB AllocSpace bytes, 29(980KB) LOS objects, 49% free, 3931KB/7862KB, paused 460us,8.013ms total 314.367ms
08-22 10:45:23.224 18679 18679 I Capacitor/Console: File: https://localhost/assets/index-B5CmwJ5q.js - Line 2068 - Msg: 🐛 [10:45:23 AM] TOUCH | DOM | Pointer down (touch) on canvas @(46.845611572265625,271.9821472167969) | Data: {"tagName":"CANVAS","className":"","id":"","position":{"x":46.845611572265625,"y":271.9821472167969},"pointerId":2,"pointerType":"touch","pressure":1,"width":25.892858505249023,"height":25.892858505249023}
08-22 10:45:23.226 18679 18679 I Capacitor/Console: File: https://localhost/assets/index-B5CmwJ5q.js - Line 2068 - Msg: 🐛 [10:45:23 AM] TOUCH | DOM | Touch start 1/1 on canvas @(46.845611572265625,271.9821472167969) | Data: {"tagName":"CANVAS","className":"","id":"","textContent":"","position":{"x":46.845611572265625,"y":271.9821472167969},"touchId":0,"force":1,"radiusX":12.946429252624512,"radiusY":12.946429252624512}
08-22 10:45:23.228 18679 18679 I Capacitor/Console: File: https://localhost/assets/index-B5CmwJ5q.js - Line 2068 - Msg: 🐛 [10:45:23 AM] TOUCH | LevelSelect | Level button hover: level-001-tutorial | Data: {"levelId":"level-001-tutorial"}
08-22 10:45:23.567 18679 18679 I Capacitor/Console: File: https://localhost/assets/index-B5CmwJ5q.js - Line 2068 - Msg: 🐛 [10:45:23 AM] TOUCH | DOM | Pointer up (touch) on canvas @(46.845611572265625,271.9821472167969) | Data: {"tagName":"CANVAS","className":"","id":"","position":{"x":46.845611572265625,"y":271.9821472167969},"pointerId":2,"pointerType":"touch"}
08-22 10:45:23.567 18679 18679 I Capacitor/Console: File: https://localhost/assets/index-B5CmwJ5q.js - Line 2068 - Msg: 🐛 [10:45:23 AM] TOUCH | DOM | Touch end 1 on canvas @(46.845611572265625,271.9821472167969) | Data: {"tagName":"CANVAS","className":"","id":"","position":{"x":46.845611572265625,"y":271.9821472167969},"touchId":0}
08-22 10:45:23.567 18679 18679 I Capacitor/Console: File: https://localhost/assets/index-B5CmwJ5q.js - Line 2068 - Msg: 🐛 [10:45:23 AM] CLICK | LevelSelect | Level button clicked: level-001-tutorial | Data: {"levelId":"level-001-tutorial","position":{"x":40,"y":150}}
08-22 10:45:23.567 18679 18679 I Capacitor/Console: File: https://localhost/assets/index-B5CmwJ5q.js - Line 2068 - Msg: 🐛 [10:45:23 AM] CLICK | LevelSelect | Level selected: level-001-tutorial | Data: {"levelId":"level-001-tutorial","currentPage":0,"isUnlocked":true}
08-22 10:45:23.568 18679 18679 I Capacitor/Console: File: https://localhost/assets/index-B5CmwJ5q.js - Line 2068 - Msg: 🐛 [10:45:23 AM] LEVEL | LevelSelect | Loading level definition for level-001-tutorial
08-22 10:45:23.568 18679 18679 I Capacitor/Console: File: https://localhost/assets/index-B5CmwJ5q.js - Line 2068 - Msg: 🐛 [10:45:23 AM] TOUCH | LevelSelect | Level button hover end: level-001-tutorial | Data: {"levelId":"level-001-tutorial"}
08-22 10:45:23.568 18679 18679 I Capacitor/Console: File: https://localhost/assets/index-B5CmwJ5q.js - Line 2068 - Msg: 🐛 [10:45:23 AM] LEVEL | LevelSelect | Level loaded successfully: level-001-tutorial | Data: {"levelName":"First Steps","difficulty":"easy","generationType":"handcrafted"}
08-22 10:45:23.568 18679 18679 I Capacitor/Console: File: https://localhost/assets/index-B5CmwJ5q.js - Line 2068 - Msg: 🐛 [10:45:23 AM] SCENE | LevelSelect | Starting Game scene | Data: {"levelId":"level-001-tutorial"}
08-22 10:45:23.569 18679 18679 I Capacitor/Console: File: https://localhost/assets/index-B5CmwJ5q.js - Line 2068 - Msg: 🐛 [10:45:23 AM] SCENE | Game | Game scene created | Data: {"sceneKey":"Game","scaleWidth":360,"scaleHeight":640}
08-22 10:45:23.569 18679 18679 I Capacitor/Console: File: https://localhost/assets/index-B5CmwJ5q.js - Line 2068 - Msg: 🐛 [10:45:23 AM] GAME | Game | Core services initialized
08-22 10:45:23.569 18679 18679 I Capacitor/Console: File: https://localhost/assets/index-B5CmwJ5q.js - Line 2068 - Msg: 🐛 [10:45:23 AM] GAME | Game | Using selected level: level-001-tutorial
08-22 10:45:23.569 18679 18679 I Capacitor/Console: File: https://localhost/assets/index-B5CmwJ5q.js - Line 2068 - Msg: 🐛 [10:45:23 AM] GAME | Game | Initializing level: level-001-tutorial | Data: {"hasPreloadedDefinition":true}
08-22 10:45:23.569 18679 18679 I Capacitor/Console: File: https://localhost/assets/index-B5CmwJ5q.js - Line 2068 - Msg: 🐛 [10:45:23 AM] GAME | Game | Using preloaded level definition
08-22 10:45:23.570 18679 18679 I Capacitor/Console: File: https://localhost/assets/index-B5CmwJ5q.js - Line 2068 - Msg: 🐛 [10:45:23 AM] GAME | Game | Initializing GameCore with level definition | Data: {"levelId":"level-001-tutorial","levelName":"First Steps","generationType":"handcrafted"}
08-22 10:45:23.570 18679 18679 I Capacitor/Console: File: https://localhost/assets/index-B5CmwJ5q.js - Line 2119 - Msg: Level generated in 0ms: [object Object]
08-22 10:45:23.570 18679 18679 I Capacitor/Console: File: https://localhost/assets/index-B5CmwJ5q.js - Line 2119 - Msg: Game initialized for level: level-001-tutorial
08-22 10:45:23.570 18679 18679 I Capacitor/Console: File: https://localhost/assets/index-B5CmwJ5q.js - Line 2119 - Msg: [Game Debug] Level initialized: level-001-tutorial [object Object]
08-22 10:45:23.570 18679 18679 I Capacitor/Console: File: https://localhost/assets/index-B5CmwJ5q.js - Line 2119 - Msg: Game started at: Fri Aug 22 2025 10:45:23 GMT-0300 (Brasilia Standard Time)
08-22 10:45:23.570 18679 18679 I Capacitor/Console: File: https://localhost/assets/index-B5CmwJ5q.js - Line 2119 - Msg: Significant state changes: [object Object]
08-22 10:45:23.570 18679 18679 I Capacitor/Console: File: https://localhost/assets/index-B5CmwJ5q.js - Line 2119 - Msg: [Game Debug] State changed: Game started [object Object]
08-22 10:45:30.475 18679 18679 I Capacitor/Console: File: https://localhost/assets/index-B5CmwJ5q.js - Line 2068 - Msg: 🐛 [10:45:30 AM] TOUCH | DOM | Pointer down (touch) on canvas @(148.56027221679688,716.904052734375) | Data: {"tagName":"CANVAS","className":"","id":"","position":{"x":148.56027221679688,"y":716.904052734375},"pointerId":3,"pointerType":"touch","pressure":1,"width":25.892858505249023,"height":25.892858505249023}
08-22 10:45:30.475 18679 18679 I Capacitor/Console: File: https://localhost/assets/index-B5CmwJ5q.js - Line 2068 - Msg: 🐛 [10:45:30 AM] TOUCH | DOM | Touch start 1/1 on canvas @(148.56027221679688,716.904052734375) | Data: {"tagName":"CANVAS","className":"","id":"","textContent":"","position":{"x":148.56027221679688,"y":716.904052734375},"touchId":0,"force":1,"radiusX":12.946429252624512,"radiusY":12.946429252624512}
08-22 10:45:30.476 18679 18679 I Capacitor/Console: File: https://localhost/assets/index-B5CmwJ5q.js - Line 2119 - Msg: Pointer input outside maze bounds
08-22 10:45:30.667 18679 18679 I Capacitor/Console: File: https://localhost/assets/index-B5CmwJ5q.js - Line 2068 - Msg: 🐛 [10:45:30 AM] TOUCH | DOM | Pointer up (touch) on canvas @(148.56027221679688,716.904052734375) | Data: {"tagName":"CANVAS","className":"","id":"","position":{"x":148.56027221679688,"y":716.904052734375},"pointerId":3,"pointerType":"touch"}
08-22 10:45:30.668 18679 18679 I Capacitor/Console: File: https://localhost/assets/index-B5CmwJ5q.js - Line 2068 - Msg: 🐛 [10:45:30 AM] TOUCH | DOM | Touch end 1 on canvas @(148.56027221679688,716.904052734375) | Data: {"tagName":"CANVAS","className":"","id":"","position":{"x":148.56027221679688,"y":716.904052734375},"touchId":0}
08-22 10:45:30.674 18679 18679 I Capacitor/Console: File: https://localhost/assets/index-B5CmwJ5q.js - Line 2119 - Msg: Move failed: Invalid move
08-22 10:45:31.218 18679 18679 I Capacitor/Console: File: https://localhost/assets/index-B5CmwJ5q.js - Line 2068 - Msg: 🐛 [10:45:31 AM] TOUCH | DOM | Pointer down (touch) on canvas @(148.56027221679688,716.904052734375) | Data: {"tagName":"CANVAS","className":"","id":"","position":{"x":148.56027221679688,"y":716.904052734375},"pointerId":4,"pointerType":"touch","pressure":1,"width":25.892858505249023,"height":25.892858505249023}
08-22 10:45:31.219 18679 18679 I Capacitor/Console: File: https://localhost/assets/index-B5CmwJ5q.js - Line 2068 - Msg: 🐛 [10:45:31 AM] TOUCH | DOM | Touch start 1/1 on canvas @(148.56027221679688,716.904052734375) | Data: {"tagName":"CANVAS","className":"","id":"","textContent":"","position":{"x":148.56027221679688,"y":716.904052734375},"touchId":0,"force":1,"radiusX":12.946429252624512,"radiusY":12.946429252624512}
08-22 10:45:31.219 18679 18679 I Capacitor/Console: File: https://localhost/assets/index-B5CmwJ5q.js - Line 2119 - Msg: Pointer input outside maze bounds
08-22 10:45:31.382 18679 18679 I Capacitor/Console: File: https://localhost/assets/index-B5CmwJ5q.js - Line 2068 - Msg: 🐛 [10:45:31 AM] TOUCH | DOM | Pointer up (touch) on canvas @(148.56027221679688,716.904052734375) | Data: {"tagName":"CANVAS","className":"","id":"","position":{"x":148.56027221679688,"y":716.904052734375},"pointerId":4,"pointerType":"touch"}
08-22 10:45:31.384 18679 18679 I Capacitor/Console: File: https://localhost/assets/index-B5CmwJ5q.js - Line 2068 - Msg: 🐛 [10:45:31 AM] TOUCH | DOM | Touch end 1 on canvas @(148.56027221679688,716.904052734375) | Data: {"tagName":"CANVAS","className":"","id":"","position":{"x":148.56027221679688,"y":716.904052734375},"touchId":0}
08-22 10:45:31.385 18679 18679 I Capacitor/Console: File: https://localhost/assets/index-B5CmwJ5q.js - Line 2119 - Msg: Move failed: Invalid move
08-22 10:45:31.729 18679 18679 I Capacitor/Console: File: https://localhost/assets/index-B5CmwJ5q.js - Line 2068 - Msg: 🐛 [10:45:31 AM] TOUCH | DOM | Pointer down (touch) on canvas @(148.56027221679688,716.904052734375) | Data: {"tagName":"CANVAS","className":"","id":"","position":{"x":148.56027221679688,"y":716.904052734375},"pointerId":5,"pointerType":"touch","pressure":1,"width":25.892858505249023,"height":25.892858505249023}
08-22 10:45:31.730 18679 18679 I Capacitor/Console: File: https://localhost/assets/index-B5CmwJ5q.js - Line 2068 - Msg: 🐛 [10:45:31 AM] TOUCH | DOM | Touch start 1/1 on canvas @(148.56027221679688,716.904052734375) | Data: {"tagName":"CANVAS","className":"","id":"","textContent":"","position":{"x":148.56027221679688,"y":716.904052734375},"touchId":0,"force":1,"radiusX":12.946429252624512,"radiusY":12.946429252624512}
08-22 10:45:31.731 18679 18679 I Capacitor/Console: File: https://localhost/assets/index-B5CmwJ5q.js - Line 2119 - Msg: Pointer input outside maze bounds
08-22 10:45:31.937 18679 18679 I Capacitor/Console: File: https://localhost/assets/index-B5CmwJ5q.js - Line 2068 - Msg: 🐛 [10:45:31 AM] TOUCH | DOM | Pointer up (touch) on canvas @(148.56027221679688,716.904052734375) | Data: {"tagName":"CANVAS","className":"","id":"","position":{"x":148.56027221679688,"y":716.904052734375},"pointerId":5,"pointerType":"touch"}
08-22 10:45:31.938 18679 18679 I Capacitor/Console: File: https://localhost/assets/index-B5CmwJ5q.js - Line 2068 - Msg: 🐛 [10:45:31 AM] TOUCH | DOM | Touch end 1 on canvas @(148.56027221679688,716.904052734375) | Data: {"tagName":"CANVAS","className":"","id":"","position":{"x":148.56027221679688,"y":716.904052734375},"touchId":0}
08-22 10:45:31.938 18679 18679 I Capacitor/Console: File: https://localhost/assets/index-B5CmwJ5q.js - Line 2119 - Msg: Move failed: Invalid move
08-22 10:45:32.882 18679 18679 I Capacitor/Console: File: https://localhost/assets/index-B5CmwJ5q.js - Line 2068 - Msg: 🐛 [10:45:32 AM] TOUCH | DOM | Pointer down (touch) on canvas @(203.4166717529297,723.0145263671875) | Data: {"tagName":"CANVAS","className":"","id":"","position":{"x":203.4166717529297,"y":723.0145263671875},"pointerId":6,"pointerType":"touch","pressure":1,"width":25.892858505249023,"height":25.892858505249023}
08-22 10:45:32.884 18679 18679 I Capacitor/Console: File: https://localhost/assets/index-B5CmwJ5q.js - Line 2068 - Msg: 🐛 [10:45:32 AM] TOUCH | DOM | Touch start 1/1 on canvas @(203.4166717529297,723.0145263671875) | Data: {"tagName":"CANVAS","className":"","id":"","textContent":"","position":{"x":203.4166717529297,"y":723.0145263671875},"touchId":0,"force":1,"radiusX":12.946429252624512,"radiusY":12.946429252624512}
08-22 10:45:32.886 18679 18679 I Capacitor/Console: File: https://localhost/assets/index-B5CmwJ5q.js - Line 2119 - Msg: Pointer input outside maze bounds
08-22 10:45:33.051 18679 18679 I Capacitor/Console: File: https://localhost/assets/index-B5CmwJ5q.js - Line 2068 - Msg: 🐛 [10:45:33 AM] TOUCH | DOM | Pointer up (touch) on canvas @(203.4166717529297,723.0145263671875) | Data: {"tagName":"CANVAS","className":"","id":"","position":{"x":203.4166717529297,"y":723.0145263671875},"pointerId":6,"pointerType":"touch"}
08-22 10:45:33.051 18679 18679 I Capacitor/Console: File: https://localhost/assets/index-B5CmwJ5q.js - Line 2068 - Msg: 🐛 [10:45:33 AM] TOUCH | DOM | Touch end 1 on canvas @(203.4166717529297,723.0145263671875) | Data: {"tagName":"CANVAS","className":"","id":"","position":{"x":203.4166717529297,"y":723.0145263671875},"touchId":0}
08-22 10:45:33.051 18679 18679 I Capacitor/Console: File: https://localhost/assets/index-B5CmwJ5q.js - Line 2119 - Msg: Drop orb at current position
08-22 10:45:35.717 18679 18679 I Capacitor/Console: File: https://localhost/assets/index-B5CmwJ5q.js - Line 2068 - Msg: 🐛 [10:45:35 AM] TOUCH | DOM | Pointer down (touch) on canvas @(203.4166717529297,723.0145263671875) | Data: {"tagName":"CANVAS","className":"","id":"","position":{"x":203.4166717529297,"y":723.0145263671875},"pointerId":7,"pointerType":"touch","pressure":1,"width":25.892858505249023,"height":25.892858505249023}
08-22 10:45:35.717 18679 18679 I Capacitor/Console: File: https://localhost/assets/index-B5CmwJ5q.js - Line 2068 - Msg: 🐛 [10:45:35 AM] TOUCH | DOM | Touch start 1/1 on canvas @(203.4166717529297,723.0145263671875) | Data: {"tagName":"CANVAS","className":"","id":"","textContent":"","position":{"x":203.4166717529297,"y":723.0145263671875},"touchId":0,"force":1,"radiusX":12.946429252624512,"radiusY":12.946429252624512}
08-22 10:45:35.718 18679 18679 I Capacitor/Console: File: https://localhost/assets/index-B5CmwJ5q.js - Line 2119 - Msg: Pointer input outside maze bounds
08-22 10:45:35.893 18679 18679 I Capacitor/Console: File: https://localhost/assets/index-B5CmwJ5q.js - Line 2068 - Msg: 🐛 [10:45:35 AM] TOUCH | DOM | Pointer up (touch) on canvas @(203.4166717529297,723.0145263671875) | Data: {"tagName":"CANVAS","className":"","id":"","position":{"x":203.4166717529297,"y":723.0145263671875},"pointerId":7,"pointerType":"touch"}
08-22 10:45:35.893 18679 18679 I Capacitor/Console: File: https://localhost/assets/index-B5CmwJ5q.js - Line 2068 - Msg: 🐛 [10:45:35 AM] TOUCH | DOM | Touch end 1 on canvas @(203.4166717529297,723.0145263671875) | Data: {"tagName":"CANVAS","className":"","id":"","position":{"x":203.4166717529297,"y":723.0145263671875},"touchId":0}
08-22 10:45:35.894 18679 18679 I Capacitor/Console: File: https://localhost/assets/index-B5CmwJ5q.js - Line 2119 - Msg: Drop orb at current position
08-22 10:45:37.137 18679 18679 I Capacitor/Console: File: https://localhost/assets/index-B5CmwJ5q.js - Line 2068 - Msg: 🐛 [10:45:37 AM] TOUCH | DOM | Pointer down (touch) on canvas @(204.1826629638672,651.390625) | Data: {"tagName":"CANVAS","className":"","id":"","position":{"x":204.1826629638672,"y":651.390625},"pointerId":8,"pointerType":"touch","pressure":1,"width":25.892858505249023,"height":25.892858505249023}
08-22 10:45:37.138 18679 18679 I Capacitor/Console: File: https://localhost/assets/index-B5CmwJ5q.js - Line 2068 - Msg: 🐛 [10:45:37 AM] TOUCH | DOM | Touch start 1/1 on canvas @(204.1826629638672,651.390625) | Data: {"tagName":"CANVAS","className":"","id":"","textContent":"","position":{"x":204.1826629638672,"y":651.390625},"touchId":0,"force":1,"radiusX":12.946429252624512,"radiusY":12.946429252624512}
08-22 10:45:37.139 18679 18679 I Capacitor/Console: File: https://localhost/assets/index-B5CmwJ5q.js - Line 2119 - Msg: Pointer input outside maze bounds
08-22 10:45:37.321 18679 18679 I Capacitor/Console: File: https://localhost/assets/index-B5CmwJ5q.js - Line 2068 - Msg: 🐛 [10:45:37 AM] TOUCH | DOM | Pointer up (touch) on canvas @(204.1826629638672,651.390625) | Data: {"tagName":"CANVAS","className":"","id":"","position":{"x":204.1826629638672,"y":651.390625},"pointerId":8,"pointerType":"touch"}
08-22 10:45:37.322 18679 18679 I Capacitor/Console: File: https://localhost/assets/index-B5CmwJ5q.js - Line 2068 - Msg: 🐛 [10:45:37 AM] TOUCH | DOM | Touch end 1 on canvas @(204.1826629638672,651.390625) | Data: {"tagName":"CANVAS","className":"","id":"","position":{"x":204.1826629638672,"y":651.390625},"touchId":0}
08-22 10:45:37.323 18679 18679 I Capacitor/Console: File: https://localhost/assets/index-B5CmwJ5q.js - Line 2119 - Msg: Move failed: Invalid move
08-22 10:45:37.995 18679 18679 I Capacitor/Console: File: https://localhost/assets/index-B5CmwJ5q.js - Line 2068 - Msg: 🐛 [10:45:37 AM] TOUCH | DOM | Pointer down (touch) on canvas @(137.51116943359375,736.7142944335938) | Data: {"tagName":"CANVAS","className":"","id":"","position":{"x":137.51116943359375,"y":736.7142944335938},"pointerId":9,"pointerType":"touch","pressure":1,"width":25.892858505249023,"height":25.892858505249023}
08-22 10:45:37.996 18679 18679 I Capacitor/Console: File: https://localhost/assets/index-B5CmwJ5q.js - Line 2068 - Msg: 🐛 [10:45:37 AM] TOUCH | DOM | Touch start 1/1 on canvas @(137.51116943359375,736.7142944335938) | Data: {"tagName":"CANVAS","className":"","id":"","textContent":"","position":{"x":137.51116943359375,"y":736.7142944335938},"touchId":0,"force":1,"radiusX":12.946429252624512,"radiusY":12.946429252624512}
08-22 10:45:37.996 18679 18679 I Capacitor/Console: File: https://localhost/assets/index-B5CmwJ5q.js - Line 2119 - Msg: Pointer input outside maze bounds
08-22 10:45:38.151 18679 18679 I Capacitor/Console: File: https://localhost/assets/index-B5CmwJ5q.js - Line 2068 - Msg: 🐛 [10:45:38 AM] TOUCH | DOM | Pointer up (touch) on canvas @(137.51116943359375,736.7142944335938) | Data: {"tagName":"CANVAS","className":"","id":"","position":{"x":137.51116943359375,"y":736.7142944335938},"pointerId":9,"pointerType":"touch"}
08-22 10:45:38.151 18679 18679 I Capacitor/Console: File: https://localhost/assets/index-B5CmwJ5q.js - Line 2068 - Msg: 🐛 [10:45:38 AM] TOUCH | DOM | Touch end 1 on canvas @(137.51116943359375,736.7142944335938) | Data: {"tagName":"CANVAS","className":"","id":"","position":{"x":137.51116943359375,"y":736.7142944335938},"touchId":0}
08-22 10:45:38.151 18679 18679 I Capacitor/Console: File: https://localhost/assets/index-B5CmwJ5q.js - Line 2119 - Msg: Move failed: Invalid move
08-22 10:45:38.772 11447 12692 E AppOps  : attributionTag  not declared in manifest of com.example.maze
08-22 10:45:38.774 11447 12692 E AppOps  : attributionTag  not declared in manifest of com.example.maze
08-22 10:45:38.902 18679 18679 I Capacitor/Console: File: https://localhost/assets/index-B5CmwJ5q.js - Line 2068 - Msg: 🐛 [10:45:38 AM] TOUCH | DOM | Pointer down (touch) on canvas @(136.7451629638672,718.4386596679688) | Data: {"tagName":"CANVAS","className":"","id":"","position":{"x":136.7451629638672,"y":718.4386596679688},"pointerId":10,"pointerType":"touch","pressure":1,"width":25.892858505249023,"height":25.892858505249023}
08-22 10:45:38.902 18679 18679 I Capacitor/Console: File: https://localhost/assets/index-B5CmwJ5q.js - Line 2068 - Msg: 🐛 [10:45:38 AM] TOUCH | DOM | Touch start 1/1 on canvas @(136.7451629638672,718.4386596679688) | Data: {"tagName":"CANVAS","className":"","id":"","textContent":"","position":{"x":136.7451629638672,"y":718.4386596679688},"touchId":0,"force":1,"radiusX":12.946429252624512,"radiusY":12.946429252624512}
08-22 10:45:38.903 18679 18679 I Capacitor/Console: File: https://localhost/assets/index-B5CmwJ5q.js - Line 2119 - Msg: Pointer input outside maze bounds
08-22 10:45:39.065 18679 18679 I Capacitor/Console: File: https://localhost/assets/index-B5CmwJ5q.js - Line 2068 - Msg: 🐛 [10:45:39 AM] TOUCH | DOM | Pointer up (touch) on canvas @(136.7451629638672,718.4386596679688) | Data: {"tagName":"CANVAS","className":"","id":"","position":{"x":136.7451629638672,"y":718.4386596679688},"pointerId":10,"pointerType":"touch"}
08-22 10:45:39.066 18679 18679 I Capacitor/Console: File: https://localhost/assets/index-B5CmwJ5q.js - Line 2068 - Msg: 🐛 [10:45:39 AM] TOUCH | DOM | Touch end 1 on canvas @(136.7451629638672,718.4386596679688) | Data: {"tagName":"CANVAS","className":"","id":"","position":{"x":136.7451629638672,"y":718.4386596679688},"touchId":0}
08-22 10:45:39.068 18679 18679 I Capacitor/Console: File: https://localhost/assets/index-B5CmwJ5q.js - Line 2119 - Msg: Move failed: Invalid move
08-22 10:45:39.874 18679 18679 I Capacitor/Console: File: https://localhost/assets/index-B5CmwJ5q.js - Line 2068 - Msg: 🐛 [10:45:39 AM] TOUCH | DOM | Pointer down (touch) on canvas @(136.7451629638672,718.4386596679688) | Data: {"tagName":"CANVAS","className":"","id":"","position":{"x":136.7451629638672,"y":718.4386596679688},"pointerId":11,"pointerType":"touch","pressure":1,"width":25.892858505249023,"height":25.892858505249023}
08-22 10:45:39.875 18679 18679 I Capacitor/Console: File: https://localhost/assets/index-B5CmwJ5q.js - Line 2068 - Msg: 🐛 [10:45:39 AM] TOUCH | DOM | Touch start 1/1 on canvas @(136.7451629638672,718.4386596679688) | Data: {"tagName":"CANVAS","className":"","id":"","textContent":"","position":{"x":136.7451629638672,"y":718.4386596679688},"touchId":0,"force":1,"radiusX":12.946429252624512,"radiusY":12.946429252624512}
08-22 10:45:39.875 18679 18679 I Capacitor/Console: File: https://localhost/assets/index-B5CmwJ5q.js - Line 2119 - Msg: Pointer input outside maze bounds
08-22 10:45:40.064 18679 18679 I Capacitor/Console: File: https://localhost/assets/index-B5CmwJ5q.js - Line 2068 - Msg: 🐛 [10:45:40 AM] TOUCH | DOM | Pointer up (touch) on canvas @(136.7451629638672,718.4386596679688) | Data: {"tagName":"CANVAS","className":"","id":"","position":{"x":136.7451629638672,"y":718.4386596679688},"pointerId":11,"pointerType":"touch"}
08-22 10:45:40.064 18679 18679 I Capacitor/Console: File: https://localhost/assets/index-B5CmwJ5q.js - Line 2068 - Msg: 🐛 [10:45:40 AM] TOUCH | DOM | Touch end 1 on canvas @(136.7451629638672,718.4386596679688) | Data: {"tagName":"CANVAS","className":"","id":"","position":{"x":136.7451629638672,"y":718.4386596679688},"touchId":0}
08-22 10:45:40.064 18679 18679 I Capacitor/Console: File: https://localhost/assets/index-B5CmwJ5q.js - Line 2119 - Msg: Move failed: Invalid move
08-22 10:45:49.120 18679 18679 I Capacitor/Console: File: https://localhost/assets/index-B5CmwJ5q.js - Line 2119 - Msg: Move failed: Invalid move
08-22 10:45:49.518 18679 18679 I Capacitor/Console: File: https://localhost/assets/index-B5CmwJ5q.js - Line 2119 - Msg: Move failed: Invalid move
08-22 10:45:50.332 18679 18679 I Capacitor/Console: File: https://localhost/assets/index-B5CmwJ5q.js - Line 2119 - Msg: Move failed: Invalid move
08-22 10:45:51.228 18679 18679 I Capacitor/Console: File: https://localhost/assets/index-B5CmwJ5q.js - Line 2119 - Msg: Move failed: Invalid move
08-22 10:45:54.446 18679 18679 I Capacitor/Console: File: https://localhost/assets/index-B5CmwJ5q.js - Line 2068 - Msg: 🐛 [10:45:54 AM] TOUCH | DOM | Pointer down (touch) on button "🐛" @(22.8515625,34.649559020996094) | Data: {"tagName":"BUTTON","className":"","id":"","position":{"x":22.8515625,"y":34.649559020996094},"pointerId":12,"pointerType":"touch","pressure":1,"width":25.892858505249023,"height":25.892858505249023}
08-22 10:45:54.447 18679 18679 I Capacitor/Console: File: https://localhost/assets/index-B5CmwJ5q.js - Line 2068 - Msg: 🐛 [10:45:54 AM] TOUCH | DOM | Touch start 1/1 on button "🐛" @(22.8515625,34.649559020996094) | Data: {"tagName":"BUTTON","className":"","id":"","textContent":"🐛","position":{"x":22.8515625,"y":34.649559020996094},"touchId":0,"force":1,"radiusX":12.946429252624512,"radiusY":12.946429252624512}
08-22 10:45:54.996 18679 18679 I Capacitor/Console: File: https://localhost/assets/index-B5CmwJ5q.js - Line 2068 - Msg: 🐛 [10:45:54 AM] TOUCH | DOM | Pointer up (touch) on button "🐛" @(22.8515625,34.649559020996094) | Data: {"tagName":"BUTTON","className":"","id":"","position":{"x":22.8515625,"y":34.649559020996094},"pointerId":12,"pointerType":"touch"}
08-22 10:45:54.997 18679 18679 I Capacitor/Console: File: https://localhost/assets/index-B5CmwJ5q.js - Line 2068 - Msg: 🐛 [10:45:54 AM] TOUCH | DOM | Touch end 1 on button "🐛" @(22.8515625,34.649559020996094) | Data: {"tagName":"BUTTON","className":"","id":"","position":{"x":22.8515625,"y":34.649559020996094},"touchId":0}
08-22 10:45:55.015 18679 18679 I Capacitor/Console: File: https://localhost/assets/index-B5CmwJ5q.js - Line 2068 - Msg: 🐛 [10:45:55 AM] TOUCH | DOM | Mouse down on button "🐛" @(22,34) | Data: {"tagName":"BUTTON","className":"","id":"","position":{"x":22,"y":34},"button":0}
08-22 10:45:55.018 18679 18679 I Capacitor/Console: File: https://localhost/assets/index-B5CmwJ5q.js - Line 2068 - Msg: 🐛 [10:45:55 AM] TOUCH | DOM | Mouse up on button "🐛" @(22,34) | Data: {"tagName":"BUTTON","className":"","id":"","position":{"x":22,"y":34},"button":0}
08-22 10:45:55.019 18679 18679 I Capacitor/Console: File: https://localhost/assets/index-B5CmwJ5q.js - Line 2068 - Msg: 🐛 [10:45:55 AM] CLICK | DOM | Click on button "🐛" @(22,34) | Data: {"tagName":"BUTTON","className":"","id":"","textContent":"🐛","position":{"x":22,"y":34},"button":0,"ctrlKey":false,"shiftKey":false,"altKey":false}
08-22 10:45:56.748 18679 18679 I Capacitor/Console: File: https://localhost/assets/index-B5CmwJ5q.js - Line 2068 - Msg: 🐛 [10:45:56 AM] TOUCH | DOM | Pointer down (touch) on button "🐛" @(22.8515625,34.649559020996094) | Data: {"tagName":"BUTTON","className":"","id":"","position":{"x":22.8515625,"y":34.649559020996094},"pointerId":13,"pointerType":"touch","pressure":1,"width":25.892858505249023,"height":25.892858505249023}
08-22 10:45:56.749 18679 18679 I Capacitor/Console: File: https://localhost/assets/index-B5CmwJ5q.js - Line 2068 - Msg: 🐛 [10:45:56 AM] TOUCH | DOM | Touch start 1/1 on button "🐛" @(22.8515625,34.649559020996094) | Data: {"tagName":"BUTTON","className":"","id":"","textContent":"🐛","position":{"x":22.8515625,"y":34.649559020996094},"touchId":0,"force":1,"radiusX":12.946429252624512,"radiusY":12.946429252624512}
08-22 10:45:56.890 18679 18679 I Capacitor/Console: File: https://localhost/assets/index-B5CmwJ5q.js - Line 2068 - Msg: 🐛 [10:45:56 AM] TOUCH | DOM | Pointer up (touch) on button "🐛" @(22.8515625,34.649559020996094) | Data: {"tagName":"BUTTON","className":"","id":"","position":{"x":22.8515625,"y":34.649559020996094},"pointerId":13,"pointerType":"touch"}
08-22 10:45:56.891 18679 18679 I Capacitor/Console: File: https://localhost/assets/index-B5CmwJ5q.js - Line 2068 - Msg: 🐛 [10:45:56 AM] TOUCH | DOM | Touch end 1 on button "🐛" @(22.8515625,34.649559020996094) | Data: {"tagName":"BUTTON","className":"","id":"","position":{"x":22.8515625,"y":34.649559020996094},"touchId":0}
08-22 10:45:56.932 18679 18679 I Capacitor/Console: File: https://localhost/assets/index-B5CmwJ5q.js - Line 2068 - Msg: 🐛 [10:45:56 AM] TOUCH | DOM | Mouse down on button "🐛" @(22,34) | Data: {"tagName":"BUTTON","className":"","id":"","position":{"x":22,"y":34},"button":0}
08-22 10:45:56.933 18679 18679 I Capacitor/Console: File: https://localhost/assets/index-B5CmwJ5q.js - Line 2068 - Msg: 🐛 [10:45:56 AM] TOUCH | DOM | Mouse up on button "🐛" @(22,34) | Data: {"tagName":"BUTTON","className":"","id":"","position":{"x":22,"y":34},"button":0}
08-22 10:45:56.937 18679 18679 I Capacitor/Console: File: https://localhost/assets/index-B5CmwJ5q.js - Line 2068 - Msg: 🐛 [10:45:56 AM] CLICK | DOM | Click on button "🐛" @(22,34) | Data: {"tagName":"BUTTON","className":"","id":"","textContent":"🐛","position":{"x":22,"y":34},"button":0,"ctrlKey":false,"shiftKey":false,"altKey":false}
08-22 10:52:59.559 18679 18687 I om.example.maze: Background concurrent mark compact GC freed 3864KB AllocSpace bytes, 0(0B) LOS objects, 49% free, 3939KB/7878KB, paused 599us,8.806ms total 59.991ms
08-22 11:02:29.203 18679 18687 I om.example.maze: Background concurrent mark compact GC freed 3904KB AllocSpace bytes, 0(0B) LOS objects, 49% free, 3939KB/7878KB, paused 718us,14.813ms total 77.722ms
08-22 11:02:30.749 15122 15122 D ActivityThread: Package [com.example.maze] reported as REPLACED, but missing application info. Assuming REMOVED.
08-22 11:02:30.755 15122 15122 D ActivityThread: Package [com.example.maze] reported as REPLACED, but missing application info. Assuming REMOVED.
08-22 11:08:45.807 12764 12764 D ActivityThread: Package [com.example.maze] reported as REPLACED, but missing application info. Assuming REMOVED.
08-22 11:08:45.812 12764 12764 D ActivityThread: Package [com.example.maze] reported as REPLACED, but missing application info. Assuming REMOVED.
08-22 11:12:04.051 18679 18687 I om.example.maze: Background concurrent mark compact GC freed 3904KB AllocSpace bytes, 0(0B) LOS objects, 49% free, 3939KB/7878KB, paused 433us,8.838ms total 78.808ms
08-22 12:22:41.887 13889 13889 D ActivityThread: Package [com.example.maze] reported as REPLACED, but missing application info. Assuming REMOVED.
08-22 12:22:41.893 13889 13889 D ActivityThread: Package [com.example.maze] reported as REPLACED, but missing application info. Assuming REMOVED.
08-22 12:22:51.726 16048 16048 D ActivityThread: Package [com.example.maze] reported as REPLACED, but missing application info. Assuming REMOVED.
08-22 12:22:51.727 16048 16048 D ActivityThread: Package [com.example.maze] reported as REPLACED, but missing application info. Assuming REMOVED.
08-22 12:22:51.853 17879 17879 D ActivityThread: Package [com.example.maze] reported as REPLACED, but missing application info. Assuming REMOVED.
08-22 12:22:51.865 17879 17879 D ActivityThread: Package [com.example.maze] reported as REPLACED, but missing application info. Assuming REMOVED.
08-22 12:22:52.049 17960 17960 D ActivityThread: Package [com.example.maze] reported as REPLACED, but missing application info. Assuming REMOVED.
08-22 12:22:52.049 17960 17960 D ActivityThread: Package [com.example.maze] reported as REPLACED, but missing application info. Assuming REMOVED.
08-22 12:22:52.259 14673 14673 D ActivityThread: Package [com.example.maze] reported as REPLACED, but missing application info. Assuming REMOVED.
08-22 12:22:52.262 14673 14673 D ActivityThread: Package [com.example.maze] reported as REPLACED, but missing application info. Assuming REMOVED.
08-22 12:22:52.263 14673 14673 D ActivityThread: Package [com.example.maze] reported as REPLACED, but missing application info. Assuming REMOVED.
08-22 12:22:52.263 14673 14673 D ActivityThread: Package [com.example.maze] reported as REPLACED, but missing application info. Assuming REMOVED.
08-22 12:22:52.263 14673 14673 D ActivityThread: Package [com.example.maze] reported as REPLACED, but missing application info. Assuming REMOVED.
08-22 12:22:52.263 14673 14673 D ActivityThread: Package [com.example.maze] reported as REPLACED, but missing application info. Assuming REMOVED.
08-22 12:22:52.263 14673 14673 D ActivityThread: Package [com.example.maze] reported as REPLACED, but missing application info. Assuming REMOVED.
08-22 12:22:52.264 14673 14673 D ActivityThread: Package [com.example.maze] reported as REPLACED, but missing application info. Assuming REMOVED.
08-22 12:22:52.265 14663 14663 D ActivityThread: Package [com.example.maze] reported as REPLACED, but missing application info. Assuming REMOVED.
08-22 12:22:52.275 14663 14663 D ActivityThread: Package [com.example.maze] reported as REPLACED, but missing application info. Assuming REMOVED.
08-22 12:23:51.194 18679 18687 I om.example.maze: Background concurrent mark compact GC freed 3900KB AllocSpace bytes, 0(0B) LOS objects, 49% free, 3943KB/7886KB, paused 774us,7.752ms total 85.823ms
08-22 12:23:51.194 18679 18687 W om.example.maze: Reducing the number of considered missed Gc histogram windows from 430 to 100
08-22 12:24:51.883 14017 14017 D ActivityThread: Package [com.example.maze] reported as REPLACED, but missing application info. Assuming REMOVED.
08-22 12:24:51.890 14017 14017 D ActivityThread: Package [com.example.maze] reported as REPLACED, but missing application info. Assuming REMOVED.
08-22 12:32:44.697 18679 18687 I om.example.maze: Background concurrent mark compact GC freed 3904KB AllocSpace bytes, 0(0B) LOS objects, 49% free, 3943KB/7886KB, paused 340us,7.702ms total 64.043ms
08-22 12:33:19.073 14402 14402 D ActivityThread: Package [com.example.maze] reported as REPLACED, but missing application info. Assuming REMOVED.
08-22 12:33:19.081 14402 14402 D ActivityThread: Package [com.example.maze] reported as REPLACED, but missing application info. Assuming REMOVED.
08-22 12:33:19.082 14402 14402 D ActivityThread: Package [com.example.maze] reported as REPLACED, but missing application info. Assuming REMOVED.
08-22 12:33:19.085 14402 14402 D ActivityThread: Package [com.example.maze] reported as REPLACED, but missing application info. Assuming REMOVED.
08-22 12:33:19.091 14402 14402 D ActivityThread: Package [com.example.maze] reported as REPLACED, but missing application info. Assuming REMOVED.
08-22 12:33:19.093 14402 14402 D ActivityThread: Package [com.example.maze] reported as REPLACED, but missing application info. Assuming REMOVED.
08-22 12:33:19.097 14402 14402 D ActivityThread: Package [com.example.maze] reported as REPLACED, but missing application info. Assuming REMOVED.
08-22 12:33:19.103 14402 14402 D ActivityThread: Package [com.example.maze] reported as REPLACED, but missing application info. Assuming REMOVED.
08-22 12:34:45.406 13154 13154 D ActivityThread: Package [com.example.maze] reported as REPLACED, but missing application info. Assuming REMOVED.
08-22 12:34:45.407 13154 13154 D ActivityThread: Package [com.example.maze] reported as REPLACED, but missing application info. Assuming REMOVED.
08-22 12:34:45.408 13154 13154 D ActivityThread: Package [com.example.maze] reported as REPLACED, but missing application info. Assuming REMOVED.
08-22 12:34:45.422 13154 13154 D ActivityThread: Package [com.example.maze] reported as REPLACED, but missing application info. Assuming REMOVED.
08-22 12:34:45.423 13154 13154 D ActivityThread: Package [com.example.maze] reported as REPLACED, but mis